// Bun Snapshot v1, https://goo.gl/fbAQLP

exports[`it works 1`] = `
[
  "[32m[3m [dot-owners] [39m[23m ðŸ‘‹ Welcome to the dot-owners CLI",
  
"[32m[3m [dot-owners] [39m[23m Usage:
"
,
]
`;
